// Vitest Snapshot v1, https://vitest.dev/guide/snapshot.html

exports[`Tests in <TodoItem /> > should match snapshot 1`] = `
<div>
  <li
    class="list-group-item d-flex justify-content-between"
  >
    <span
      class="align-self-center "
    >
      todo 1
    </span>
    <button
      class="btn btn-danger"
    >
      Delete
    </button>
  </li>
</div>
`;
